// Jest Snapshot v1, https://goo.gl/fbAQLP

exports[`getContractById should return contract 1`] = `
{
  "ClientId": 1,
  "ContractorId": 5,
  "createdAt": Any<String>,
  "id": 1,
  "status": "terminated",
  "terms": "bla bla bla",
  "updatedAt": Any<String>,
}
`;

exports[`getContractById should return contract 2`] = `
{
  "ClientId": 1,
  "ContractorId": 5,
  "createdAt": Any<String>,
  "id": 1,
  "status": "terminated",
  "terms": "bla bla bla",
  "updatedAt": Any<String>,
}
`;
