// Jest Snapshot v1, https://goo.gl/fbAQLP

exports[`getJobsUnpaid should return jobs 1`] = `
[
  {
    "Contract": {
      "ClientId": 2,
      "ContractorId": 6,
      "createdAt": Any<String>,
      "id": 3,
      "status": "in_progress",
      "terms": "bla bla bla",
      "updatedAt": Any<String>,
    },
    "ContractId": 3,
    "createdAt": Any<String>,
    "description": "work",
    "id": 3,
    "paid": null,
    "paymentDate": null,
    "price": 202,
    "updatedAt": Any<String>,
  },
  {
    "Contract": {
      "ClientId": 2,
      "ContractorId": 7,
      "createdAt": Any<String>,
      "id": 4,
      "status": "in_progress",
      "terms": "bla bla bla",
      "updatedAt": Any<String>,
    },
    "ContractId": 4,
    "createdAt": Any<String>,
    "description": "work",
    "id": 4,
    "paid": null,
    "paymentDate": null,
    "price": 200,
    "updatedAt": Any<String>,
  },
]
`;
