// Jest Snapshot v1, https://goo.gl/fbAQLP

exports[`getJobsUnpaid should return jobs 1`] = `
[
  {
    "Contract": {
      "ClientId": 2,
      "ContractorId": 6,
      "createdAt": "2022-09-27T13:42:21.030Z",
      "id": 3,
      "status": "in_progress",
      "terms": "bla bla bla",
      "updatedAt": "2022-09-27T13:42:21.030Z",
    },
    "ContractId": 3,
    "createdAt": "2022-09-27T13:42:21.030Z",
    "description": "work",
    "id": 3,
    "paid": null,
    "paymentDate": null,
    "price": 202,
    "updatedAt": "2022-09-27T13:42:21.030Z",
  },
  {
    "Contract": {
      "ClientId": 2,
      "ContractorId": 7,
      "createdAt": "2022-09-27T13:42:21.030Z",
      "id": 4,
      "status": "in_progress",
      "terms": "bla bla bla",
      "updatedAt": "2022-09-27T13:42:21.030Z",
    },
    "ContractId": 4,
    "createdAt": "2022-09-27T13:42:21.030Z",
    "description": "work",
    "id": 4,
    "paid": null,
    "paymentDate": null,
    "price": 200,
    "updatedAt": "2022-09-27T13:42:21.030Z",
  },
]
`;
